Flow report for TP-FPGA
Mon May 18 11:09:09 2026
Quartus II 64-Bit Version 13.0.1 Build 232 06/12/2013 Service Pack 1 SJ Full Version


---------------------
; Table of Contents ;
---------------------
  1. Legal Notice
  2. Flow Summary
  3. Flow Settings
  4. Flow Non-Default Global Settings
  5. Flow Elapsed Time
  6. Flow OS Summary
  7. Flow Log
  8. Flow Messages
  9. Flow Suppressed Messages



----------------
; Legal Notice ;
----------------
Copyright (C) 1991-2013 Altera Corporation
Your use of Altera Corporation's design tools, logic functions 
and other software and tools, and its AMPP partner logic 
functions, and any output files from any of the foregoing 
(including device programming or simulation files), and any 
associated documentation or information are expressly subject 
to the terms and conditions of the Altera Program License 
Subscription Agreement, Altera MegaCore Function License 
Agreement, or other applicable license agreement, including, 
without limitation, that your use is for the sole purpose of 
programming logic devices manufactured by Altera and sold by 
Altera or its authorized distributors.  Please refer to the 
applicable agreement for further details.



+---------------------------------------------------------------------------------------+
; Flow Summary                                                                          ;
+------------------------------------+--------------------------------------------------+
; Flow Status                        ; Flow Failed - Mon May 18 11:09:09 2026           ;
; Quartus II 64-Bit Version          ; 13.0.1 Build 232 06/12/2013 SP 1 SJ Full Version ;
; Revision Name                      ; TP-FPGA                                          ;
; Top-level Entity Name              ; lights                                           ;
; Family                             ; Cyclone IV E                                     ;
; Device                             ; EP4CE22F17C6                                     ;
; Timing Models                      ; Final                                            ;
; Total logic elements               ; N/A until Partition Merge                        ;
;     Total combinational functions  ; N/A until Partition Merge                        ;
;     Dedicated logic registers      ; N/A until Partition Merge                        ;
; Total registers                    ; N/A until Partition Merge                        ;
; Total pins                         ; N/A until Partition Merge                        ;
; Total virtual pins                 ; N/A until Partition Merge                        ;
; Total memory bits                  ; N/A until Partition Merge                        ;
; Embedded Multiplier 9-bit elements ; N/A until Partition Merge                        ;
; Total PLLs                         ; N/A until Partition Merge                        ;
+------------------------------------+--------------------------------------------------+


+-----------------------------------------+
; Flow Settings                           ;
+-------------------+---------------------+
; Option            ; Setting             ;
+-------------------+---------------------+
; Start date & time ; 05/18/2026 11:09:08 ;
; Main task         ; Compilation         ;
; Revision Name     ; TP-FPGA             ;
+-------------------+---------------------+


+---------------------------------------------------------------------------------------------------------------------------------------------------------------+
; Flow Non-Default Global Settings                                                                                                                              ;
+-------------------------------------+----------------------------------------------------------+---------------+---------------------------------+------------+
; Assignment Name                     ; Value                                                    ; Default Value ; Entity Name                     ; Section Id ;
+-------------------------------------+----------------------------------------------------------+---------------+---------------------------------+------------+
; COMPILER_SIGNATURE_ID               ; 44829937158057.177909534822080                           ; --            ; --                              ; --         ;
; IP_TOOL_ENV                         ; Qsys                                                     ; --            ; altera_avalon_sc_fifo           ; --         ;
; IP_TOOL_ENV                         ; Qsys                                                     ; --            ; altera_merlin_burst_adapter     ; --         ;
; IP_TOOL_ENV                         ; Qsys                                                     ; --            ; altera_merlin_master_agent      ; --         ;
; IP_TOOL_ENV                         ; Qsys                                                     ; --            ; altera_merlin_master_translator ; --         ;
; IP_TOOL_ENV                         ; Qsys                                                     ; --            ; altera_merlin_slave_agent       ; --         ;
; IP_TOOL_ENV                         ; Qsys                                                     ; --            ; altera_merlin_slave_translator  ; --         ;
; IP_TOOL_ENV                         ; Qsys                                                     ; --            ; altera_merlin_width_adapter     ; --         ;
; IP_TOOL_ENV                         ; Qsys                                                     ; --            ; altera_reset_controller         ; --         ;
; IP_TOOL_ENV                         ; Qsys                                                     ; --            ; system                          ; --         ;
; IP_TOOL_ENV                         ; Qsys                                                     ; --            ; system_LEDS                     ; --         ;
; IP_TOOL_ENV                         ; Qsys                                                     ; --            ; system_addr_router              ; --         ;
; IP_TOOL_ENV                         ; Qsys                                                     ; --            ; system_addr_router_001          ; --         ;
; IP_TOOL_ENV                         ; Qsys                                                     ; --            ; system_cmd_xbar_demux           ; --         ;
; IP_TOOL_ENV                         ; Qsys                                                     ; --            ; system_cmd_xbar_demux_001       ; --         ;
; IP_TOOL_ENV                         ; Qsys                                                     ; --            ; system_cmd_xbar_mux             ; --         ;
; IP_TOOL_ENV                         ; Qsys                                                     ; --            ; system_id_router                ; --         ;
; IP_TOOL_ENV                         ; Qsys                                                     ; --            ; system_id_router_002            ; --         ;
; IP_TOOL_ENV                         ; Qsys                                                     ; --            ; system_id_router_003            ; --         ;
; IP_TOOL_ENV                         ; Qsys                                                     ; --            ; system_id_router_006            ; --         ;
; IP_TOOL_ENV                         ; Qsys                                                     ; --            ; system_irq_mapper               ; --         ;
; IP_TOOL_ENV                         ; Qsys                                                     ; --            ; system_jtag_uart                ; --         ;
; IP_TOOL_ENV                         ; Qsys                                                     ; --            ; system_nios2_processor          ; --         ;
; IP_TOOL_ENV                         ; Qsys                                                     ; --            ; system_onchip_memory            ; --         ;
; IP_TOOL_ENV                         ; Qsys                                                     ; --            ; system_rsp_xbar_demux           ; --         ;
; IP_TOOL_ENV                         ; Qsys                                                     ; --            ; system_rsp_xbar_demux_003       ; --         ;
; IP_TOOL_ENV                         ; Qsys                                                     ; --            ; system_rsp_xbar_mux             ; --         ;
; IP_TOOL_ENV                         ; Qsys                                                     ; --            ; system_rsp_xbar_mux_001         ; --         ;
; IP_TOOL_ENV                         ; Qsys                                                     ; --            ; system_sdram                    ; --         ;
; IP_TOOL_ENV                         ; Qsys                                                     ; --            ; system_switches                 ; --         ;
; IP_TOOL_NAME                        ; altera_avalon_sc_fifo                                    ; --            ; altera_avalon_sc_fifo           ; --         ;
; IP_TOOL_NAME                        ; altera_merlin_burst_adapter                              ; --            ; altera_merlin_burst_adapter     ; --         ;
; IP_TOOL_NAME                        ; altera_merlin_master_agent                               ; --            ; altera_merlin_master_agent      ; --         ;
; IP_TOOL_NAME                        ; altera_merlin_master_translator                          ; --            ; altera_merlin_master_translator ; --         ;
; IP_TOOL_NAME                        ; altera_merlin_slave_agent                                ; --            ; altera_merlin_slave_agent       ; --         ;
; IP_TOOL_NAME                        ; altera_merlin_slave_translator                           ; --            ; altera_merlin_slave_translator  ; --         ;
; IP_TOOL_NAME                        ; altera_merlin_width_adapter                              ; --            ; altera_merlin_width_adapter     ; --         ;
; IP_TOOL_NAME                        ; altera_reset_controller                                  ; --            ; altera_reset_controller         ; --         ;
; IP_TOOL_NAME                        ; Qsys                                                     ; --            ; system                          ; --         ;
; IP_TOOL_NAME                        ; altera_avalon_pio                                        ; --            ; system_LEDS                     ; --         ;
; IP_TOOL_NAME                        ; altera_merlin_router                                     ; --            ; system_addr_router              ; --         ;
; IP_TOOL_NAME                        ; altera_merlin_router                                     ; --            ; system_addr_router_001          ; --         ;
; IP_TOOL_NAME                        ; altera_merlin_demultiplexer                              ; --            ; system_cmd_xbar_demux           ; --         ;
; IP_TOOL_NAME                        ; altera_merlin_demultiplexer                              ; --            ; system_cmd_xbar_demux_001       ; --         ;
; IP_TOOL_NAME                        ; altera_merlin_multiplexer                                ; --            ; system_cmd_xbar_mux             ; --         ;
; IP_TOOL_NAME                        ; altera_merlin_router                                     ; --            ; system_id_router                ; --         ;
; IP_TOOL_NAME                        ; altera_merlin_router                                     ; --            ; system_id_router_002            ; --         ;
; IP_TOOL_NAME                        ; altera_merlin_router                                     ; --            ; system_id_router_003            ; --         ;
; IP_TOOL_NAME                        ; altera_merlin_router                                     ; --            ; system_id_router_006            ; --         ;
; IP_TOOL_NAME                        ; altera_irq_mapper                                        ; --            ; system_irq_mapper               ; --         ;
; IP_TOOL_NAME                        ; altera_avalon_jtag_uart                                  ; --            ; system_jtag_uart                ; --         ;
; IP_TOOL_NAME                        ; altera_nios2_qsys                                        ; --            ; system_nios2_processor          ; --         ;
; IP_TOOL_NAME                        ; altera_avalon_onchip_memory2                             ; --            ; system_onchip_memory            ; --         ;
; IP_TOOL_NAME                        ; altera_merlin_demultiplexer                              ; --            ; system_rsp_xbar_demux           ; --         ;
; IP_TOOL_NAME                        ; altera_merlin_demultiplexer                              ; --            ; system_rsp_xbar_demux_003       ; --         ;
; IP_TOOL_NAME                        ; altera_merlin_multiplexer                                ; --            ; system_rsp_xbar_mux             ; --         ;
; IP_TOOL_NAME                        ; altera_merlin_multiplexer                                ; --            ; system_rsp_xbar_mux_001         ; --         ;
; IP_TOOL_NAME                        ; altera_avalon_new_sdram_controller                       ; --            ; system_sdram                    ; --         ;
; IP_TOOL_NAME                        ; altera_avalon_pio                                        ; --            ; system_switches                 ; --         ;
; IP_TOOL_VERSION                     ; 13.0                                                     ; --            ; altera_avalon_sc_fifo           ; --         ;
; IP_TOOL_VERSION                     ; 13.0                                                     ; --            ; altera_merlin_burst_adapter     ; --         ;
; IP_TOOL_VERSION                     ; 13.0                                                     ; --            ; altera_merlin_master_agent      ; --         ;
; IP_TOOL_VERSION                     ; 13.0                                                     ; --            ; altera_merlin_master_translator ; --         ;
; IP_TOOL_VERSION                     ; 13.0                                                     ; --            ; altera_merlin_slave_agent       ; --         ;
; IP_TOOL_VERSION                     ; 13.0                                                     ; --            ; altera_merlin_slave_translator  ; --         ;
; IP_TOOL_VERSION                     ; 13.0                                                     ; --            ; altera_merlin_width_adapter     ; --         ;
; IP_TOOL_VERSION                     ; 13.0                                                     ; --            ; altera_reset_controller         ; --         ;
; IP_TOOL_VERSION                     ; 13.0sp1                                                  ; --            ; system                          ; --         ;
; IP_TOOL_VERSION                     ; 13.0.1.99.2                                              ; --            ; system_LEDS                     ; --         ;
; IP_TOOL_VERSION                     ; 13.0                                                     ; --            ; system_addr_router              ; --         ;
; IP_TOOL_VERSION                     ; 13.0                                                     ; --            ; system_addr_router_001          ; --         ;
; IP_TOOL_VERSION                     ; 13.0                                                     ; --            ; system_cmd_xbar_demux           ; --         ;
; IP_TOOL_VERSION                     ; 13.0                                                     ; --            ; system_cmd_xbar_demux_001       ; --         ;
; IP_TOOL_VERSION                     ; 13.0                                                     ; --            ; system_cmd_xbar_mux             ; --         ;
; IP_TOOL_VERSION                     ; 13.0                                                     ; --            ; system_id_router                ; --         ;
; IP_TOOL_VERSION                     ; 13.0                                                     ; --            ; system_id_router_002            ; --         ;
; IP_TOOL_VERSION                     ; 13.0                                                     ; --            ; system_id_router_003            ; --         ;
; IP_TOOL_VERSION                     ; 13.0                                                     ; --            ; system_id_router_006            ; --         ;
; IP_TOOL_VERSION                     ; 13.0                                                     ; --            ; system_irq_mapper               ; --         ;
; IP_TOOL_VERSION                     ; 13.0.1.99.2                                              ; --            ; system_jtag_uart                ; --         ;
; IP_TOOL_VERSION                     ; 13.0                                                     ; --            ; system_nios2_processor          ; --         ;
; IP_TOOL_VERSION                     ; 13.0.1.99.2                                              ; --            ; system_onchip_memory            ; --         ;
; IP_TOOL_VERSION                     ; 13.0                                                     ; --            ; system_rsp_xbar_demux           ; --         ;
; IP_TOOL_VERSION                     ; 13.0                                                     ; --            ; system_rsp_xbar_demux_003       ; --         ;
; IP_TOOL_VERSION                     ; 13.0                                                     ; --            ; system_rsp_xbar_mux             ; --         ;
; IP_TOOL_VERSION                     ; 13.0                                                     ; --            ; system_rsp_xbar_mux_001         ; --         ;
; IP_TOOL_VERSION                     ; 13.0.1.99.2                                              ; --            ; system_sdram                    ; --         ;
; IP_TOOL_VERSION                     ; 13.0.1.99.2                                              ; --            ; system_switches                 ; --         ;
; MAX_CORE_JUNCTION_TEMP              ; 85                                                       ; --            ; --                              ; --         ;
; MIN_CORE_JUNCTION_TEMP              ; 0                                                        ; --            ; --                              ; --         ;
; MISC_FILE                           ; nios_system/synthesis/../../system.cmp                   ; --            ; --                              ; --         ;
; MISC_FILE                           ; nios_system/synthesis/../../system.qsys                  ; --            ; --                              ; --         ;
; PARTITION_COLOR                     ; 16764057                                                 ; --            ; DE0_NANO                        ; Top        ;
; PARTITION_COLOR                     ; 16764057                                                 ; --            ; lights                          ; Top        ;
; PARTITION_FITTER_PRESERVATION_LEVEL ; PLACEMENT_AND_ROUTING                                    ; --            ; DE0_NANO                        ; Top        ;
; PARTITION_FITTER_PRESERVATION_LEVEL ; PLACEMENT_AND_ROUTING                                    ; --            ; lights                          ; Top        ;
; PARTITION_NETLIST_TYPE              ; SOURCE                                                   ; --            ; DE0_NANO                        ; Top        ;
; PARTITION_NETLIST_TYPE              ; SOURCE                                                   ; --            ; lights                          ; Top        ;
; POWER_BOARD_THERMAL_MODEL           ; None (CONSERVATIVE)                                      ; --            ; --                              ; --         ;
; POWER_PRESET_COOLING_SOLUTION       ; 23 MM HEAT SINK WITH 200 LFPM AIRFLOW                    ; --            ; --                              ; --         ;
; PROJECT_OUTPUT_DIRECTORY            ; output_files                                             ; --            ; --                              ; --         ;
; SLD_INFO                            ; QSYS_NAME system HAS_SOPCINFO 1 GENERATION_ID 1779094978 ; --            ; system                          ; --         ;
; SOPCINFO_FILE                       ; nios_system/synthesis/../../system.sopcinfo              ; --            ; --                              ; --         ;
; SYNTHESIS_ONLY_QIP                  ; On                                                       ; --            ; --                              ; --         ;
; TOP_LEVEL_ENTITY                    ; lights                                                   ; TP-FPGA       ; --                              ; --         ;
+-------------------------------------+----------------------------------------------------------+---------------+---------------------------------+------------+


+--------------------------------------------------------------------------------------------------------------------------+
; Flow Elapsed Time                                                                                                        ;
+----------------------+--------------+-------------------------+---------------------+------------------------------------+
; Module Name          ; Elapsed Time ; Average Processors Used ; Peak Virtual Memory ; Total CPU Time (on all processors) ;
+----------------------+--------------+-------------------------+---------------------+------------------------------------+
; Analysis & Synthesis ; 00:00:10     ; 1.0                     ; 4672 MB             ; 00:00:01                           ;
; Total                ; 00:00:10     ; --                      ; --                  ; 00:00:01                           ;
+----------------------+--------------+-------------------------+---------------------+------------------------------------+


+-----------------------------------------------------------------------------------+
; Flow OS Summary                                                                   ;
+----------------------+------------------+-----------+------------+----------------+
; Module Name          ; Machine Hostname ; OS Name   ; OS Version ; Processor type ;
+----------------------+------------------+-----------+------------+----------------+
; Analysis & Synthesis ; a-013834         ; Windows 7 ; 6.2        ; x86_64         ;
+----------------------+------------------+-----------+------------+----------------+


------------
; Flow Log ;
------------
quartus_map --read_settings_files=on --write_settings_files=off TP-FPGA -c TP-FPGA



